app/(dashboard)/dashboard/developer/configuracion/page.tsx(5,13): error TS2339: Property 'data' does not exist on type '{ success: false; error: string; } | { success: boolean; data: any; }'.
app/(dashboard)/dashboard/inversor/marketplace/page.tsx(53,32): error TS2362: The left-hand side of an arithmetic operation must be of type 'any', 'number', 'bigint' or an enum type.
app/(dashboard)/dashboard/inversor/marketplace/page.tsx(53,64): error TS2363: The right-hand side of an arithmetic operation must be of type 'any', 'number', 'bigint' or an enum type.
app/(dashboard)/dashboard/inversor/marketplace/page.tsx(56,33): error TS2362: The left-hand side of an arithmetic operation must be of type 'any', 'number', 'bigint' or an enum type.
app/(dashboard)/dashboard/inversor/marketplace/page.tsx(56,60): error TS2363: The right-hand side of an arithmetic operation must be of type 'any', 'number', 'bigint' or an enum type.
app/(dashboard)/dashboard/inversor/marketplace/page.tsx(56,89): error TS2363: The right-hand side of an arithmetic operation must be of type 'any', 'number', 'bigint' or an enum type.
app/(dashboard)/dashboard/inversor/marketplace/page.tsx(90,69): error TS2345: Argument of type '0 | Decimal' is not assignable to parameter of type 'number'.
  Type 'Decimal' is not assignable to type 'number'.
app/(dashboard)/dashboard/inversor/page.tsx(16,13): error TS2339: Property 'inversiones' does not exist on type '{ success: boolean; error: string; data?: undefined; } | { success: boolean; data: { inversiones: ({ proyecto: { id: string; nombre: string; estado: string; createdAt: Date; updatedAt: Date; ... 28 more ...; visibilityStatus: string; }; } & { ...; })[]; movimientos: { ...; }[]; nextMilestone: ({ ...; } & { ...; }) |...'.
app/(dashboard)/dashboard/inversor/page.tsx(16,26): error TS2339: Property 'stats' does not exist on type '{ success: boolean; error: string; data?: undefined; } | { success: boolean; data: { inversiones: ({ proyecto: { id: string; nombre: string; estado: string; createdAt: Date; updatedAt: Date; ... 28 more ...; visibilityStatus: string; }; } & { ...; })[]; movimientos: { ...; }[]; nextMilestone: ({ ...; } & { ...; }) |...'.
app/(dashboard)/dashboard/inversor/page.tsx(16,33): error TS2339: Property 'movimientos' does not exist on type '{ success: boolean; error: string; data?: undefined; } | { success: boolean; data: { inversiones: ({ proyecto: { id: string; nombre: string; estado: string; createdAt: Date; updatedAt: Date; ... 28 more ...; visibilityStatus: string; }; } & { ...; })[]; movimientos: { ...; }[]; nextMilestone: ({ ...; } & { ...; }) |...'.
app/(dashboard)/dashboard/inversor/page.tsx(16,46): error TS2339: Property 'nextMilestone' does not exist on type '{ success: boolean; error: string; data?: undefined; } | { success: boolean; data: { inversiones: ({ proyecto: { id: string; nombre: string; estado: string; createdAt: Date; updatedAt: Date; ... 28 more ...; visibilityStatus: string; }; } & { ...; })[]; movimientos: { ...; }[]; nextMilestone: ({ ...; } & { ...; }) |...'.
app/(dashboard)/dashboard/inversor/page.tsx(16,61): error TS2339: Property 'distribution' does not exist on type '{ success: boolean; error: string; data?: undefined; } | { success: boolean; data: { inversiones: ({ proyecto: { id: string; nombre: string; estado: string; createdAt: Date; updatedAt: Date; ... 28 more ...; visibilityStatus: string; }; } & { ...; })[]; movimientos: { ...; }[]; nextMilestone: ({ ...; } & { ...; }) |...'.
app/(public)/proyectos/[slug]/masterplan/page.tsx(133,21): error TS2322: Type '{ proyectoId: string; modo: "public"; initialUnits: MasterplanUnit[] | undefined; }' is not assignable to type 'IntrinsicAttributes & MasterplanViewerProps'.
  Property 'initialUnits' does not exist on type 'IntrinsicAttributes & MasterplanViewerProps'.
app/(public)/proyectos/[slug]/unidades/[id]/page.tsx(96,36): error TS2322: Type '{ id: string; proyectoId: string; unidadId: string | null; nombre: string; estado: string; notasAdmin: string | null; createdAt: Date; updatedAt: Date; }[]' is not assignable to type '{ id: string; nombre: string; scenes: any[]; }[]'.
  Property 'scenes' is missing in type '{ id: string; proyectoId: string; unidadId: string | null; nombre: string; estado: string; notasAdmin: string | null; createdAt: Date; updatedAt: Date; }' but required in type '{ id: string; nombre: string; scenes: any[]; }'.
app/api/reservas/[id]/documento/route.ts(54,13): error TS2322: Type 'Decimal | null' is not assignable to type 'number | null'.
  Type 'Decimal' is not assignable to type 'number'.
app/api/reservas/[id]/documento/route.ts(72,48): error TS2769: No overload matches this call.
  The last overload gave the following error.
    Argument of type 'Promise<Buffer<ArrayBufferLike>>' is not assignable to parameter of type 'ArrayBuffer | ArrayLike<number>'.
      Type 'Promise<Buffer<ArrayBufferLike>>' is missing the following properties from type 'ArrayBuffer': byteLength, slice, maxByteLength, resizable, and 4 more.
components/crm/lead-card.tsx(64,50): error TS2345: Argument of type 'Decimal' is not assignable to parameter of type 'number'.
components/dashboard/leads/leads-import-dialog.tsx(83,31): error TS18048: 'res.data' is possibly 'undefined'.
components/dashboard/leads/leads-import-dialog.tsx(83,55): error TS18048: 'res.data' is possibly 'undefined'.
components/dashboard/leads/leads-import-dialog.tsx(84,54): error TS18048: 'res.data' is possibly 'undefined'.
components/dashboard/proyectos/project-payments-tab.tsx(54,37): error TS2554: Expected 1 arguments, but got 3.
components/dashboard/proyectos/projects-list-client.tsx(14,43): error TS2307: Cannot find module 'react-leaflet' or its corresponding type declarations.
components/dashboard/proyectos/projects-list-client.tsx(15,40): error TS2307: Cannot find module 'react-leaflet' or its corresponding type declarations.
components/dashboard/proyectos/projects-list-client.tsx(16,37): error TS2307: Cannot find module 'react-leaflet' or its corresponding type declarations.
components/dashboard/proyectos/projects-list-client.tsx(17,36): error TS2307: Cannot find module 'react-leaflet' or its corresponding type declarations.
components/dashboard/proyectos/projects-list-client.tsx(18,44): error TS2307: Cannot find module 'react-leaflet' or its corresponding type declarations.
components/dashboard/proyectos/projects-list-client.tsx(261,22): error TS2322: Type '{ children: (false | any[] | Element)[]; center: number[]; zoom: number; style: { height: string; width: string; }; className: string; }' is not assignable to type 'IntrinsicAttributes'.
  Property 'children' does not exist on type 'IntrinsicAttributes'.
components/dashboard/proyectos/projects-list-client.tsx(265,33): error TS2322: Type '{ url: string; attribution: string; }' is not assignable to type 'IntrinsicAttributes'.
  Property 'url' does not exist on type 'IntrinsicAttributes'.
components/dashboard/proyectos/projects-list-client.tsx(273,33): error TS2322: Type '{ url: string; attribution: string; }' is not assignable to type 'IntrinsicAttributes'.
  Property 'url' does not exist on type 'IntrinsicAttributes'.
components/dashboard/proyectos/projects-list-client.tsx(281,33): error TS2322: Type '{ url: string; attribution: string; }' is not assignable to type 'IntrinsicAttributes'.
  Property 'url' does not exist on type 'IntrinsicAttributes'.
components/dashboard/proyectos/projects-list-client.tsx(288,34): error TS2322: Type '{ children: Element; key: any; position: any[]; }' is not assignable to type 'IntrinsicAttributes'.
  Property 'children' does not exist on type 'IntrinsicAttributes'.
components/dashboard/proyectos/projects-list-client.tsx(289,38): error TS2559: Type '{ children: Element; }' has no properties in common with type 'IntrinsicAttributes'.
components/dashboard/proyectos/tour360-tab-wrapper.tsx(304,21): error TS2322: Type 'import("C:/dev/antigravity/components/tour360/tour-viewer").Scene[]' is not assignable to type 'import("C:/dev/antigravity/components/tour360/tour-creator").Scene[]'.
  Type 'import("C:/dev/antigravity/components/tour360/tour-viewer").Scene' is not assignable to type 'import("C:/dev/antigravity/components/tour360/tour-creator").Scene'.
    Types of property 'hotspots' are incompatible.
      Type 'import("C:/dev/antigravity/components/tour360/tour-viewer").Hotspot[]' is not assignable to type 'import("C:/dev/antigravity/components/tour360/tour-creator").Hotspot[]'.
        Property 'unidadId' is missing in type 'import("C:/dev/antigravity/components/tour360/tour-viewer").Hotspot' but required in type 'import("C:/dev/antigravity/components/tour360/tour-creator").Hotspot'.
components/dashboard/settings-form.tsx(43,61): error TS2554: Expected 1 arguments, but got 2.
components/dashboard/sidebar.tsx(204,33): error TS2339: Property 'error' does not exist on type '{ success: false; error: string; } | { success: boolean; }'.
  Property 'error' does not exist on type '{ success: boolean; }'.
components/masterplan/blueprint-engine.tsx(87,18): error TS2678: Type '"VENDIDO"' is not comparable to type '"DISPONIBLE" | "RESERVADA" | "VENDIDA" | "BLOQUEADO" | "SUSPENDIDA"'.
components/masterplan/blueprint-engine.tsx(88,18): error TS2678: Type '"RESERVADO"' is not comparable to type '"DISPONIBLE" | "RESERVADA" | "VENDIDA" | "BLOQUEADO" | "SUSPENDIDA"'.
components/masterplan/blueprint-engine.tsx(235,49): error TS2367: This comparison appears to be unintentional because the types '"RESERVADA" | "VENDIDA" | "BLOQUEADO" | "SUSPENDIDA"' and '"VENDIDO"' have no overlap.
components/masterplan/masterplan-comparator.tsx(38,37): error TS2322: Type '(u: MasterplanUnit) => string | undefined' is not assignable to type '(u: MasterplanUnit) => string'.
  Type 'string | undefined' is not assignable to type 'string'.
    Type 'undefined' is not assignable to type 'string'.
components/masterplan/masterplan-comparator.tsx(39,41): error TS2322: Type '(u: MasterplanUnit) => string | undefined' is not assignable to type '(u: MasterplanUnit) => string'.
  Type 'string | undefined' is not assignable to type 'string'.
    Type 'undefined' is not assignable to type 'string'.
components/masterplan/masterplan-map.tsx(53,51): error TS2820: Type '"RESERVADO"' is not assignable to type '"DISPONIBLE" | "RESERVADA" | "VENDIDA" | "BLOQUEADO" | "SUSPENDIDA"'. Did you mean '"RESERVADA"'?
components/masterplan/masterplan-map.tsx(53,64): error TS2820: Type '"VENDIDO"' is not assignable to type '"DISPONIBLE" | "RESERVADA" | "VENDIDA" | "BLOQUEADO" | "SUSPENDIDA"'. Did you mean '"VENDIDA"'?
components/masterplan/masterplan-map.tsx(109,34): error TS2367: This comparison appears to be unintentional because the types '"DISPONIBLE" | "RESERVADA" | "VENDIDA" | "BLOQUEADO" | "SUSPENDIDA"' and '"VENDIDO"' have no overlap.
components/masterplan/masterplan-map.tsx(109,72): error TS2367: This comparison appears to be unintentional because the types '"DISPONIBLE" | "RESERVADA" | "VENDIDA" | "BLOQUEADO" | "SUSPENDIDA"' and '"RESERVADO"' have no overlap.
components/masterplan/masterplan-map.tsx(213,37): error TS2307: Cannot find module 'leaflet' or its corresponding type declarations.
components/masterplan/masterplan-map.tsx(288,37): error TS2307: Cannot find module 'leaflet' or its corresponding type declarations.
components/masterplan/masterplan-map.tsx(331,37): error TS2307: Cannot find module 'leaflet' or its corresponding type declarations.
components/masterplan/masterplan-map.tsx(342,41): error TS2339: Property 'geoJSON' does not exist on type 'MasterplanUnit'.
components/masterplan/overlay-editor.tsx(48,37): error TS2307: Cannot find module 'leaflet' or its corresponding type declarations.
components/public/scroll-animation-wrapper.tsx(42,13): error TS2322: Type '{ hidden: { opacity: number; y: number; x: number; }; visible: { opacity: number; y: number; x: number; transition: { duration: number; delay: number; ease: number[]; }; }; }' is not assignable to type 'Variants'.
  Property 'visible' is incompatible with index signature.
    Type '{ opacity: number; y: number; x: number; transition: { duration: number; delay: number; ease: number[]; }; }' is not assignable to type 'Variant'.
      Type '{ opacity: number; y: number; x: number; transition: { duration: number; delay: number; ease: number[]; }; }' is not assignable to type 'TargetAndTransition'.
        Type '{ opacity: number; y: number; x: number; transition: { duration: number; delay: number; ease: number[]; }; }' is not assignable to type '{ transition?: Transition<any> | undefined; transitionEnd?: ResolvedValues$1 | undefined; }'.
          Types of property 'transition' are incompatible.
            Type '{ duration: number; delay: number; ease: number[]; }' is not assignable to type 'Transition<any> | undefined'.
              Type '{ duration: number; delay: number; ease: number[]; }' is not assignable to type 'TransitionWithValueOverrides<any>'.
                Type '{ duration: number; delay: number; ease: number[]; }' is not assignable to type 'ValueAnimationTransition<any>'.
                  Types of property 'ease' are incompatible.
                    Type 'number[]' is not assignable to type 'Easing | Easing[] | undefined'.
                      Type 'number[]' is not assignable to type 'EasingFunction | Easing[]'.
                        Type 'number[]' is not assignable to type 'Easing[]'.
                          Type 'number' is not assignable to type 'Easing'.
